[2026-04-28 20:17:46] ADMIN_ADDCREDITO | admin=1473469051303886914 | user=1448401464098820228 | valor=5000.00
[2026-04-28 20:19:07] ADMIN_ADDMONEY | admin=1473469051303886914 | user=1448401464098820228 | valor=36000.00
[2026-04-28 20:46:17] ADMIN_ADDMONEY | admin=1473469051303886914 | user=1473469051303886914 | valor=1000000.00
[2026-04-29 13:09:40] ADMIN_ADDMONEY | admin=1473469051303886914 | user=1448401464098820228 | valor=16000.00
[2026-04-29 22:25:03] SAQUE | user=1473469051303886914 | valor=1.00
[2026-04-29 22:25:20] PAGAMENTO | de=1473469051303886914 | para=1448401464098820228 | valor=1.00
[2026-04-29 22:33:07] ADMIN_ADDMONEY | admin=1473469051303886914 | user=1448401464098820228 | valor=250000.00
[2026-04-29 22:36:52] DEPOSITO | user=1448401464098820228 | valor=196500.00
[2026-04-30 14:36:24] FUNDS_UPDATE | atualizados=1
[2026-04-30 16:03:47] FUNDS_UPDATE | atualizados=1
[2026-04-30 16:31:34] ADMIN_REMOVEMONEY | admin=1473469051303886914 | user=1473469051303886914 | valor=964000.00
[2026-04-30 16:31:44] ADMIN_ADDMONEY | admin=1473469051303886914 | user=1473469051303886914 | valor=1000000.00
[2026-04-30 16:33:48] FUNDS_UPDATE | atualizados=1
[2026-04-30 17:03:48] FUNDS_UPDATE | atualizados=1
[2026-04-30 17:33:58] ADMIN_ADDMONEY | admin=1473469051303886914 | user=1368712318011047936 | valor=5000.00
[2026-04-30 17:38:48] FUNDS_UPDATE | atualizados=1
[2026-04-30 23:03:51] FUNDS_UPDATE | atualizados=1
[2026-04-30 23:04:01] ADMIN_ADDMONEY | admin=1473469051303886914 | user=1448401464098820228 | valor=795000.00
[2026-04-30 23:10:17] ADMIN_ADDCREDITO | admin=1473469051303886914 | user=1448401464098820228 | valor=395000.00
[2026-04-30 23:22:04] ADMIN_ADDMONEY | admin=1473469051303886914 | user=1448401464098820228 | valor=2713000.00
[2026-04-30 23:23:47] DEPOSITO | user=1448401464098820228 | valor=2500000.00
[2026-04-30 23:33:51] FUNDS_UPDATE | atualizados=1
[2026-05-02 13:34:09] FUNDS_UPDATE | atualizados=1
[2026-05-02 14:04:09] FUNDS_UPDATE | atualizados=1
[2026-05-02 14:39:09] FUNDS_UPDATE | atualizados=1
[2026-05-02 18:04:07] FUNDS_UPDATE | atualizados=1
[2026-05-02 18:45:14] FUNDS_UPDATE | atualizados=1
[2026-05-02 19:19:09] FUNDS_UPDATE | atualizados=1
[2026-05-02 21:26:15] FUNDS_UPDATE | atualizados=1
[2026-05-02 21:59:12] FUNDS_UPDATE | atualizados=1
[2026-05-03 12:53:04] FUNDS_UPDATE | atualizados=1
[2026-05-03 13:24:09] FUNDS_UPDATE | atualizados=1
[2026-05-03 13:59:09] FUNDS_UPDATE | atualizados=1
[2026-05-03 22:09:33] FUNDS_UPDATE | atualizados=1
[2026-05-05 18:12:25] FUNDS_UPDATE | atualizados=1
[2026-05-05 18:47:26] FUNDS_UPDATE | atualizados=1
[2026-05-05 18:52:33] ADMIN_ADDMONEY | admin=1473469051303886914 | user=1259581638371708979 | valor=12000.00
[2026-05-05 19:03:10] DEPOSITO | user=1259581638371708979 | valor=12000.00
[2026-05-05 19:17:27] FUNDS_UPDATE | atualizados=1
[2026-05-05 19:37:26] FUNDS_UPDATE | atualizados=1
[2026-05-05 19:42:26] FUNDS_UPDATE | atualizados=1
[2026-05-05 19:47:27] FUNDS_UPDATE | atualizados=1
[2026-05-05 20:12:26] FUNDS_UPDATE | atualizados=1
[2026-05-05 20:17:26] FUNDS_UPDATE | atualizados=1
[2026-05-05 20:22:26] FUNDS_UPDATE | atualizados=1
[2026-05-05 20:47:25] FUNDS_UPDATE | atualizados=1
[2026-05-05 20:52:26] FUNDS_UPDATE | atualizados=2
[2026-05-05 21:17:26] FUNDS_UPDATE | atualizados=1
[2026-05-05 21:27:27] FUNDS_UPDATE | atualizados=2
[2026-05-05 21:47:26] FUNDS_UPDATE | atualizados=1
[2026-05-05 22:02:26] FUNDS_UPDATE | atualizados=2
[2026-05-05 22:22:25] FUNDS_UPDATE | atualizados=1
[2026-05-05 22:37:26] FUNDS_UPDATE | atualizados=2
[2026-05-06 13:43:26] FUNDS_UPDATE | atualizados=4
[2026-05-06 14:18:30] FUNDS_UPDATE | atualizados=4
[2026-05-06 14:48:27] FUNDS_UPDATE | atualizados=4
[2026-05-06 18:59:17] FUNDS_UPDATE | atualizados=4
[2026-05-06 19:33:27] FUNDS_UPDATE | atualizados=4
[2026-05-06 21:59:47] FUNDS_UPDATE | atualizados=4
[2026-05-06 22:30:47] FUNDS_UPDATE | atualizados=4
[2026-05-06 23:03:14] FUNDS_UPDATE | atualizados=3
[2026-05-06 23:16:44] ADMIN_ADDMONEY | admin=1473469051303886914 | user=1259581638371708979 | valor=8000.00
[2026-05-06 23:37:48] FUNDS_UPDATE | atualizados=3
[2026-05-06 23:42:04] DEPOSITO | user=1259581638371708979 | valor=8000.00
[2026-05-06 23:51:29] ADMIN_REMOVEMONEY | admin=1473469051303886914 | user=1493080504121954431 | valor=40000.00
[2026-05-07 00:10:54] FUNDS_UPDATE | atualizados=3
[2026-05-07 00:20:55] FUNDS_UPDATE | atualizados=1
[2026-05-07 06:36:36] FUNDS_UPDATE | atualizados=4
[2026-05-07 06:41:20] DEPOSITO | user=1473469051303886914 | valor=1000000.00
[2026-05-07 07:06:36] FUNDS_UPDATE | atualizados=4
[2026-05-07 07:41:36] FUNDS_UPDATE | atualizados=4
[2026-05-07 08:11:36] FUNDS_UPDATE | atualizados=4
[2026-05-07 08:46:36] FUNDS_UPDATE | atualizados=4
[2026-05-07 09:16:36] FUNDS_UPDATE | atualizados=4
[2026-05-07 09:51:36] FUNDS_UPDATE | atualizados=4
[2026-05-07 10:26:36] FUNDS_UPDATE | atualizados=4
[2026-05-07 11:01:36] FUNDS_UPDATE | atualizados=4
[2026-05-07 11:31:36] FUNDS_UPDATE | atualizados=4
[2026-05-07 12:06:36] FUNDS_UPDATE | atualizados=4
[2026-05-07 12:41:36] FUNDS_UPDATE | atualizados=4
[2026-05-07 13:16:36] FUNDS_UPDATE | atualizados=4
[2026-05-07 19:07:52] FUNDS_UPDATE | atualizados=4
[2026-05-07 19:56:49] FUNDS_UPDATE | atualizados=4
[2026-05-07 21:00:04] FUNDS_UPDATE | atualizados=4
[2026-05-07 21:31:41] FUNDS_UPDATE | atualizados=4
[2026-05-07 22:01:47] FUNDS_UPDATE | atualizados=4
[2026-05-07 22:36:41] FUNDS_UPDATE | atualizados=4
[2026-05-07 22:53:08] ADMIN_ADDMONEY | admin=1473469051303886914 | user=1259581638371708979 | valor=117000.00
[2026-05-07 22:53:47] ADMIN_ADDMONEY | admin=1473469051303886914 | user=1259581638371708979 | valor=8012.00
[2026-05-07 23:07:27] FUNDS_UPDATE | atualizados=4
[2026-05-07 23:19:00] DEPOSITO | user=1259581638371708979 | valor=125012.00
[2026-05-07 23:42:27] FUNDS_UPDATE | atualizados=4
[2026-05-07 23:47:27] FUNDS_UPDATE | atualizados=1
[2026-05-08 00:17:27] FUNDS_UPDATE | atualizados=4
[2026-05-08 00:22:27] FUNDS_UPDATE | atualizados=1
[2026-05-08 00:47:28] FUNDS_UPDATE | atualizados=4
[2026-05-09 22:00:50] FUNDS_UPDATE | atualizados=5
[2026-05-09 22:30:50] FUNDS_UPDATE | atualizados=5
[2026-05-09 23:05:51] FUNDS_UPDATE | atualizados=4
[2026-05-09 23:40:50] FUNDS_UPDATE | atualizados=4
[2026-05-10 00:15:52] FUNDS_UPDATE | atualizados=4
[2026-05-10 00:45:50] FUNDS_UPDATE | atualizados=4
[2026-05-10 01:20:50] FUNDS_UPDATE | atualizados=4
[2026-05-12 19:02:22] FUNDS_UPDATE | atualizados=4
[2026-05-12 19:05:31] ADMIN_ADDMONEY | admin=1473469051303886914 | user=1473469051303886914 | valor=6917498.00
[2026-05-12 19:37:23] FUNDS_UPDATE | atualizados=1
